test_english_examples_keep_stable_catalog_identifiers_and_constraint_types (test_language.LanguageTests.test_english_examples_keep_stable_catalog_identifiers_and_constraint_types) ...
  test_english_examples_keep_stable_catalog_identifiers_and_constraint_types (test_language.LanguageTests.test_english_examples_keep_stable_catalog_identifiers_and_constraint_types) (style='takahashi') ... ERROR
  test_english_examples_keep_stable_catalog_identifiers_and_constraint_types (test_language.LanguageTests.test_english_examples_keep_stable_catalog_identifiers_and_constraint_types) (style='jobs') ... ERROR
  test_english_examples_keep_stable_catalog_identifiers_and_constraint_types (test_language.LanguageTests.test_english_examples_keep_stable_catalog_identifiers_and_constraint_types) (style='wangxing') ... ERROR
  test_english_examples_keep_stable_catalog_identifiers_and_constraint_types (test_language.LanguageTests.test_english_examples_keep_stable_catalog_identifiers_and_constraint_types) (style='gates') ... ERROR

======================================================================
ERROR: test_english_examples_keep_stable_catalog_identifiers_and_constraint_types (test_language.LanguageTests.test_english_examples_keep_stable_catalog_identifiers_and_constraint_types) (style='takahashi')
----------------------------------------------------------------------
Traceback (most recent call last):
  File "<repo-root>/tests/test_language.py", line 14, in test_english_examples_keep_stable_catalog_identifiers_and_constraint_types
    text = (ROOT / "skills" / (style + "-style") / "references" / "english-example.md").read_text()
  File "/opt/homebrew/Cellar/python@3.14/3.14.3_1/Frameworks/Python.framework/Versions/3.14/lib/python3.14/pathlib/__init__.py", line 787, in read_text
    with self.open(mode='r', encoding=encoding, errors=errors, newline=newline) as f:
         ~~~~~~~~~^^^^^^^^^^^^^^^^^^^^^^^^^^^^^^^^^^^^^^^^^^^^^^^^^^^^^^^^^^^^^
  File "/opt/homebrew/Cellar/python@3.14/3.14.3_1/Frameworks/Python.framework/Versions/3.14/lib/python3.14/pathlib/__init__.py", line 771, in open
    return io.open(self, mode, buffering, encoding, errors, newline)
           ~~~~~~~^^^^^^^^^^^^^^^^^^^^^^^^^^^^^^^^^^^^^^^^^^^^^^^^^^
FileNotFoundError: [Errno 2] No such file or directory: '<repo-root>/skills/takahashi-style/references/english-example.md'

======================================================================
ERROR: test_english_examples_keep_stable_catalog_identifiers_and_constraint_types (test_language.LanguageTests.test_english_examples_keep_stable_catalog_identifiers_and_constraint_types) (style='jobs')
----------------------------------------------------------------------
Traceback (most recent call last):
  File "<repo-root>/tests/test_language.py", line 14, in test_english_examples_keep_stable_catalog_identifiers_and_constraint_types
    text = (ROOT / "skills" / (style + "-style") / "references" / "english-example.md").read_text()
  File "/opt/homebrew/Cellar/python@3.14/3.14.3_1/Frameworks/Python.framework/Versions/3.14/lib/python3.14/pathlib/__init__.py", line 787, in read_text
    with self.open(mode='r', encoding=encoding, errors=errors, newline=newline) as f:
         ~~~~~~~~~^^^^^^^^^^^^^^^^^^^^^^^^^^^^^^^^^^^^^^^^^^^^^^^^^^^^^^^^^^^^^
  File "/opt/homebrew/Cellar/python@3.14/3.14.3_1/Frameworks/Python.framework/Versions/3.14/lib/python3.14/pathlib/__init__.py", line 771, in open
    return io.open(self, mode, buffering, encoding, errors, newline)
           ~~~~~~~^^^^^^^^^^^^^^^^^^^^^^^^^^^^^^^^^^^^^^^^^^^^^^^^^^
FileNotFoundError: [Errno 2] No such file or directory: '<repo-root>/skills/jobs-style/references/english-example.md'

======================================================================
ERROR: test_english_examples_keep_stable_catalog_identifiers_and_constraint_types (test_language.LanguageTests.test_english_examples_keep_stable_catalog_identifiers_and_constraint_types) (style='wangxing')
----------------------------------------------------------------------
Traceback (most recent call last):
  File "<repo-root>/tests/test_language.py", line 14, in test_english_examples_keep_stable_catalog_identifiers_and_constraint_types
    text = (ROOT / "skills" / (style + "-style") / "references" / "english-example.md").read_text()
  File "/opt/homebrew/Cellar/python@3.14/3.14.3_1/Frameworks/Python.framework/Versions/3.14/lib/python3.14/pathlib/__init__.py", line 787, in read_text
    with self.open(mode='r', encoding=encoding, errors=errors, newline=newline) as f:
         ~~~~~~~~~^^^^^^^^^^^^^^^^^^^^^^^^^^^^^^^^^^^^^^^^^^^^^^^^^^^^^^^^^^^^^
  File "/opt/homebrew/Cellar/python@3.14/3.14.3_1/Frameworks/Python.framework/Versions/3.14/lib/python3.14/pathlib/__init__.py", line 771, in open
    return io.open(self, mode, buffering, encoding, errors, newline)
           ~~~~~~~^^^^^^^^^^^^^^^^^^^^^^^^^^^^^^^^^^^^^^^^^^^^^^^^^^
FileNotFoundError: [Errno 2] No such file or directory: '<repo-root>/skills/wangxing-style/references/english-example.md'

======================================================================
ERROR: test_english_examples_keep_stable_catalog_identifiers_and_constraint_types (test_language.LanguageTests.test_english_examples_keep_stable_catalog_identifiers_and_constraint_types) (style='gates')
----------------------------------------------------------------------
Traceback (most recent call last):
  File "<repo-root>/tests/test_language.py", line 14, in test_english_examples_keep_stable_catalog_identifiers_and_constraint_types
    text = (ROOT / "skills" / (style + "-style") / "references" / "english-example.md").read_text()
  File "/opt/homebrew/Cellar/python@3.14/3.14.3_1/Frameworks/Python.framework/Versions/3.14/lib/python3.14/pathlib/__init__.py", line 787, in read_text
    with self.open(mode='r', encoding=encoding, errors=errors, newline=newline) as f:
         ~~~~~~~~~^^^^^^^^^^^^^^^^^^^^^^^^^^^^^^^^^^^^^^^^^^^^^^^^^^^^^^^^^^^^^
  File "/opt/homebrew/Cellar/python@3.14/3.14.3_1/Frameworks/Python.framework/Versions/3.14/lib/python3.14/pathlib/__init__.py", line 771, in open
    return io.open(self, mode, buffering, encoding, errors, newline)
           ~~~~~~~^^^^^^^^^^^^^^^^^^^^^^^^^^^^^^^^^^^^^^^^^^^^^^^^^^
FileNotFoundError: [Errno 2] No such file or directory: '<repo-root>/skills/gates-style/references/english-example.md'

----------------------------------------------------------------------
Ran 1 test in 0.003s

FAILED (errors=4)
