test_compatible_adjustment_example_has_core_and_non_core_settings (test_gates_style.GatesGuidanceTests.test_compatible_adjustment_example_has_core_and_non_core_settings) ... ok
test_conflict_example_returns_original_core_without_unaccepted_adjustment (test_gates_style.GatesGuidanceTests.test_conflict_example_returns_original_core_without_unaccepted_adjustment) ... ok
test_named_style_has_a_direct_entry_and_accessible_references (test_gates_style.GatesGuidanceTests.test_named_style_has_a_direct_entry_and_accessible_references) ... ok
test_published_yaml_handoff_uses_the_agreed_core_contract (test_gates_style.GatesGuidanceTests.test_published_yaml_handoff_uses_the_agreed_core_contract) ... ok
test_compatible_adjustment_example_has_core_and_non_core_settings (test_jobs_style.JobsGuidanceTests.test_compatible_adjustment_example_has_core_and_non_core_settings) ... ok
test_conflict_example_returns_original_core_without_unaccepted_adjustment (test_jobs_style.JobsGuidanceTests.test_conflict_example_returns_original_core_without_unaccepted_adjustment) ... ok
test_named_style_has_a_direct_entry_and_accessible_references (test_jobs_style.JobsGuidanceTests.test_named_style_has_a_direct_entry_and_accessible_references) ... ok
test_published_yaml_handoff_uses_the_agreed_core_contract (test_jobs_style.JobsGuidanceTests.test_published_yaml_handoff_uses_the_agreed_core_contract) ... ok
test_english_examples_keep_stable_catalog_identifiers_and_constraint_types (test_language.LanguageTests.test_english_examples_keep_stable_catalog_identifiers_and_constraint_types) ... ok
test_explicit_route_registry_resolves_the_four_actual_style_entries (test_route.RouteTests.test_explicit_route_registry_resolves_the_four_actual_style_entries) ... ok
test_missing_context_examples_do_not_fabricate_a_style_profile (test_route.RouteTests.test_missing_context_examples_do_not_fabricate_a_style_profile) ... ok
test_published_context_examples_follow_the_spec_focus_anchor_branches (test_route.RouteTests.test_published_context_examples_follow_the_spec_focus_anchor_branches) ... ok
test_unavailable_guidance_example_reports_a_limit_without_a_fabricated_profile (test_route.RouteTests.test_unavailable_guidance_example_reports_a_limit_without_a_fabricated_profile) ... ok
test_explicit_json_examples_preserve_the_existing_catalog_contract (test_serialization.SerializationTests.test_explicit_json_examples_preserve_the_existing_catalog_contract) ... ok
test_compatible_adjustment_example_has_core_and_non_core_settings (test_takahashi_style.TakahashiGuidanceTests.test_compatible_adjustment_example_has_core_and_non_core_settings) ... ok
test_conflict_example_returns_original_core_without_unaccepted_adjustment (test_takahashi_style.TakahashiGuidanceTests.test_conflict_example_returns_original_core_without_unaccepted_adjustment) ... ok
test_named_style_has_a_direct_entry_and_accessible_references (test_takahashi_style.TakahashiGuidanceTests.test_named_style_has_a_direct_entry_and_accessible_references) ... ok
test_published_yaml_handoff_uses_the_agreed_core_contract (test_takahashi_style.TakahashiGuidanceTests.test_published_yaml_handoff_uses_the_agreed_core_contract) ... ok
test_compatible_adjustment_example_has_core_and_non_core_settings (test_wangxing_style.WangxingGuidanceTests.test_compatible_adjustment_example_has_core_and_non_core_settings) ... ok
test_conflict_example_returns_original_core_without_unaccepted_adjustment (test_wangxing_style.WangxingGuidanceTests.test_conflict_example_returns_original_core_without_unaccepted_adjustment) ... ok
test_named_style_has_a_direct_entry_and_accessible_references (test_wangxing_style.WangxingGuidanceTests.test_named_style_has_a_direct_entry_and_accessible_references) ... ok
test_published_yaml_handoff_uses_the_agreed_core_contract (test_wangxing_style.WangxingGuidanceTests.test_published_yaml_handoff_uses_the_agreed_core_contract) ... ok

----------------------------------------------------------------------
Ran 22 tests in 0.018s

OK
