test_compatible_adjustment_example_has_core_and_non_core_settings (test_gates_style.GatesGuidanceTests.test_compatible_adjustment_example_has_core_and_non_core_settings) ... ok
test_conflict_example_returns_original_core_without_unaccepted_adjustment (test_gates_style.GatesGuidanceTests.test_conflict_example_returns_original_core_without_unaccepted_adjustment) ... ERROR
test_named_style_has_a_direct_entry_and_accessible_references (test_gates_style.GatesGuidanceTests.test_named_style_has_a_direct_entry_and_accessible_references) ... ok
test_published_yaml_handoff_uses_the_agreed_core_contract (test_gates_style.GatesGuidanceTests.test_published_yaml_handoff_uses_the_agreed_core_contract) ... ok

======================================================================
ERROR: test_conflict_example_returns_original_core_without_unaccepted_adjustment (test_gates_style.GatesGuidanceTests.test_conflict_example_returns_original_core_without_unaccepted_adjustment)
----------------------------------------------------------------------
Traceback (most recent call last):
  File "<repo-root>/tests/test_gates_style.py", line 73, in test_conflict_example_returns_original_core_without_unaccepted_adjustment
    text = (PACKAGE / "references" / "conflict-example.md").read_text()
  File "/opt/homebrew/Cellar/python@3.14/3.14.3_1/Frameworks/Python.framework/Versions/3.14/lib/python3.14/pathlib/__init__.py", line 787, in read_text
    with self.open(mode='r', encoding=encoding, errors=errors, newline=newline) as f:
         ~~~~~~~~~^^^^^^^^^^^^^^^^^^^^^^^^^^^^^^^^^^^^^^^^^^^^^^^^^^^^^^^^^^^^^
  File "/opt/homebrew/Cellar/python@3.14/3.14.3_1/Frameworks/Python.framework/Versions/3.14/lib/python3.14/pathlib/__init__.py", line 771, in open
    return io.open(self, mode, buffering, encoding, errors, newline)
           ~~~~~~~^^^^^^^^^^^^^^^^^^^^^^^^^^^^^^^^^^^^^^^^^^^^^^^^^^
FileNotFoundError: [Errno 2] No such file or directory: '<repo-root>/skills/gates-style/references/conflict-example.md'

----------------------------------------------------------------------
Ran 4 tests in 0.003s

FAILED (errors=1)
