test_explicit_json_examples_preserve_the_existing_catalog_contract (test_serialization.SerializationTests.test_explicit_json_examples_preserve_the_existing_catalog_contract) ...
  test_explicit_json_examples_preserve_the_existing_catalog_contract (test_serialization.SerializationTests.test_explicit_json_examples_preserve_the_existing_catalog_contract) (style='takahashi') ... ERROR
  test_explicit_json_examples_preserve_the_existing_catalog_contract (test_serialization.SerializationTests.test_explicit_json_examples_preserve_the_existing_catalog_contract) (style='jobs') ... ERROR
  test_explicit_json_examples_preserve_the_existing_catalog_contract (test_serialization.SerializationTests.test_explicit_json_examples_preserve_the_existing_catalog_contract) (style='wangxing') ... ERROR
  test_explicit_json_examples_preserve_the_existing_catalog_contract (test_serialization.SerializationTests.test_explicit_json_examples_preserve_the_existing_catalog_contract) (style='gates') ... ERROR

======================================================================
ERROR: test_explicit_json_examples_preserve_the_existing_catalog_contract (test_serialization.SerializationTests.test_explicit_json_examples_preserve_the_existing_catalog_contract) (style='takahashi')
----------------------------------------------------------------------
Traceback (most recent call last):
  File "<repo-root>/tests/test_serialization.py", line 17, in test_explicit_json_examples_preserve_the_existing_catalog_contract
    text = (package / "json-example.md").read_text()
  File "/opt/homebrew/Cellar/python@3.14/3.14.3_1/Frameworks/Python.framework/Versions/3.14/lib/python3.14/pathlib/__init__.py", line 787, in read_text
    with self.open(mode='r', encoding=encoding, errors=errors, newline=newline) as f:
         ~~~~~~~~~^^^^^^^^^^^^^^^^^^^^^^^^^^^^^^^^^^^^^^^^^^^^^^^^^^^^^^^^^^^^^
  File "/opt/homebrew/Cellar/python@3.14/3.14.3_1/Frameworks/Python.framework/Versions/3.14/lib/python3.14/pathlib/__init__.py", line 771, in open
    return io.open(self, mode, buffering, encoding, errors, newline)
           ~~~~~~~^^^^^^^^^^^^^^^^^^^^^^^^^^^^^^^^^^^^^^^^^^^^^^^^^^
FileNotFoundError: [Errno 2] No such file or directory: '<repo-root>/skills/takahashi-style/references/json-example.md'

======================================================================
ERROR: test_explicit_json_examples_preserve_the_existing_catalog_contract (test_serialization.SerializationTests.test_explicit_json_examples_preserve_the_existing_catalog_contract) (style='jobs')
----------------------------------------------------------------------
Traceback (most recent call last):
  File "<repo-root>/tests/test_serialization.py", line 17, in test_explicit_json_examples_preserve_the_existing_catalog_contract
    text = (package / "json-example.md").read_text()
  File "/opt/homebrew/Cellar/python@3.14/3.14.3_1/Frameworks/Python.framework/Versions/3.14/lib/python3.14/pathlib/__init__.py", line 787, in read_text
    with self.open(mode='r', encoding=encoding, errors=errors, newline=newline) as f:
         ~~~~~~~~~^^^^^^^^^^^^^^^^^^^^^^^^^^^^^^^^^^^^^^^^^^^^^^^^^^^^^^^^^^^^^
  File "/opt/homebrew/Cellar/python@3.14/3.14.3_1/Frameworks/Python.framework/Versions/3.14/lib/python3.14/pathlib/__init__.py", line 771, in open
    return io.open(self, mode, buffering, encoding, errors, newline)
           ~~~~~~~^^^^^^^^^^^^^^^^^^^^^^^^^^^^^^^^^^^^^^^^^^^^^^^^^^
FileNotFoundError: [Errno 2] No such file or directory: '<repo-root>/skills/jobs-style/references/json-example.md'

======================================================================
ERROR: test_explicit_json_examples_preserve_the_existing_catalog_contract (test_serialization.SerializationTests.test_explicit_json_examples_preserve_the_existing_catalog_contract) (style='wangxing')
----------------------------------------------------------------------
Traceback (most recent call last):
  File "<repo-root>/tests/test_serialization.py", line 17, in test_explicit_json_examples_preserve_the_existing_catalog_contract
    text = (package / "json-example.md").read_text()
  File "/opt/homebrew/Cellar/python@3.14/3.14.3_1/Frameworks/Python.framework/Versions/3.14/lib/python3.14/pathlib/__init__.py", line 787, in read_text
    with self.open(mode='r', encoding=encoding, errors=errors, newline=newline) as f:
         ~~~~~~~~~^^^^^^^^^^^^^^^^^^^^^^^^^^^^^^^^^^^^^^^^^^^^^^^^^^^^^^^^^^^^^
  File "/opt/homebrew/Cellar/python@3.14/3.14.3_1/Frameworks/Python.framework/Versions/3.14/lib/python3.14/pathlib/__init__.py", line 771, in open
    return io.open(self, mode, buffering, encoding, errors, newline)
           ~~~~~~~^^^^^^^^^^^^^^^^^^^^^^^^^^^^^^^^^^^^^^^^^^^^^^^^^^
FileNotFoundError: [Errno 2] No such file or directory: '<repo-root>/skills/wangxing-style/references/json-example.md'

======================================================================
ERROR: test_explicit_json_examples_preserve_the_existing_catalog_contract (test_serialization.SerializationTests.test_explicit_json_examples_preserve_the_existing_catalog_contract) (style='gates')
----------------------------------------------------------------------
Traceback (most recent call last):
  File "<repo-root>/tests/test_serialization.py", line 17, in test_explicit_json_examples_preserve_the_existing_catalog_contract
    text = (package / "json-example.md").read_text()
  File "/opt/homebrew/Cellar/python@3.14/3.14.3_1/Frameworks/Python.framework/Versions/3.14/lib/python3.14/pathlib/__init__.py", line 787, in read_text
    with self.open(mode='r', encoding=encoding, errors=errors, newline=newline) as f:
         ~~~~~~~~~^^^^^^^^^^^^^^^^^^^^^^^^^^^^^^^^^^^^^^^^^^^^^^^^^^^^^^^^^^^^^
  File "/opt/homebrew/Cellar/python@3.14/3.14.3_1/Frameworks/Python.framework/Versions/3.14/lib/python3.14/pathlib/__init__.py", line 771, in open
    return io.open(self, mode, buffering, encoding, errors, newline)
           ~~~~~~~^^^^^^^^^^^^^^^^^^^^^^^^^^^^^^^^^^^^^^^^^^^^^^^^^^
FileNotFoundError: [Errno 2] No such file or directory: '<repo-root>/skills/gates-style/references/json-example.md'

----------------------------------------------------------------------
Ran 1 test in 0.005s

FAILED (errors=4)
