test_explicit_route_registry_resolves_the_four_actual_style_entries (test_route.RouteTests.test_explicit_route_registry_resolves_the_four_actual_style_entries) ... ok
test_missing_context_examples_do_not_fabricate_a_style_profile (test_route.RouteTests.test_missing_context_examples_do_not_fabricate_a_style_profile) ... ok
test_named_choice_examples_clarify_within_the_supported_set (test_route.RouteTests.test_named_choice_examples_clarify_within_the_supported_set) ... ERROR
test_published_context_examples_follow_the_spec_focus_anchor_branches (test_route.RouteTests.test_published_context_examples_follow_the_spec_focus_anchor_branches) ... ok
test_unavailable_guidance_example_reports_a_limit_without_a_fabricated_profile (test_route.RouteTests.test_unavailable_guidance_example_reports_a_limit_without_a_fabricated_profile) ... ok

======================================================================
ERROR: test_named_choice_examples_clarify_within_the_supported_set (test_route.RouteTests.test_named_choice_examples_clarify_within_the_supported_set)
----------------------------------------------------------------------
Traceback (most recent call last):
  File "<repo-root>/tests/test_route.py", line 53, in test_named_choice_examples_clarify_within_the_supported_set
    text = (PACKAGE / "references" / "choice-examples.md").read_text()
  File "/opt/homebrew/Cellar/python@3.14/3.14.3_1/Frameworks/Python.framework/Versions/3.14/lib/python3.14/pathlib/__init__.py", line 787, in read_text
    with self.open(mode='r', encoding=encoding, errors=errors, newline=newline) as f:
         ~~~~~~~~~^^^^^^^^^^^^^^^^^^^^^^^^^^^^^^^^^^^^^^^^^^^^^^^^^^^^^^^^^^^^^
  File "/opt/homebrew/Cellar/python@3.14/3.14.3_1/Frameworks/Python.framework/Versions/3.14/lib/python3.14/pathlib/__init__.py", line 771, in open
    return io.open(self, mode, buffering, encoding, errors, newline)
           ~~~~~~~^^^^^^^^^^^^^^^^^^^^^^^^^^^^^^^^^^^^^^^^^^^^^^^^^^
FileNotFoundError: [Errno 2] No such file or directory: '<repo-root>/skills/presentation-style-route/references/choice-examples.md'

----------------------------------------------------------------------
Ran 5 tests in 0.007s

FAILED (errors=1)
